{"time":"2026-09-29T14:51:27.024051+03:00","level":"INFO","msg":"db connect..."}
{"time":"2026-09-29T14:51:27.047864+03:00","level":"INFO","msg":"db connected"}
{"time":"2026-09-29T14:51:27.05552+03:00","level":"INFO","msg":"http server started","component":"metrics","addr":"localhost:9103"}
{"time":"2026-09-29T14:52:00.020169+03:00","level":"INFO","msg":"polling video generations..."}
{"time":"2026-09-29T14:52:00.020178+03:00","level":"INFO","msg":"cron: triggerPendingCompositions started"}
{"time":"2026-09-29T14:52:00.020099+03:00","level":"INFO","msg":"polling broll generations..."}
{"time":"2026-09-29T14:52:00.020267+03:00","level":"INFO","msg":"cron: retryPendingBrollSubmissions started"}
{"time":"2026-09-29T14:52:00.020276+03:00","level":"INFO","msg":"polling compositions..."}
{"time":"2026-09-29T14:52:00.041633+03:00","level":"INFO","msg":"poll video generations","component":"PollVideoGenerations","count":0}
{"time":"2026-09-29T14:52:00.041897+03:00","level":"INFO","msg":"polling video generations done"}
{"time":"2026-09-29T14:52:00.059995+03:00","level":"INFO","msg":"poll compositions","component":"PollCompositions","count":0}
{"time":"2026-09-29T14:52:00.060052+03:00","level":"INFO","msg":"polling compositions done"}
{"time":"2026-09-29T14:52:00.060159+03:00","level":"INFO","msg":"poll broll generations","component":"PollBrollGenerations","count":0}
{"time":"2026-09-29T14:52:00.06018+03:00","level":"INFO","msg":"polling broll generations done"}
{"time":"2026-09-29T14:53:00.021394+03:00","level":"INFO","msg":"polling video generations..."}
{"time":"2026-09-29T14:53:00.021947+03:00","level":"INFO","msg":"polling broll generations..."}
{"time":"2026-09-29T14:53:00.022138+03:00","level":"INFO","msg":"polling compositions..."}
{"time":"2026-09-29T14:53:00.020976+03:00","level":"INFO","msg":"cron: triggerPendingCompositions started"}
{"time":"2026-09-29T14:53:00.022598+03:00","level":"INFO","msg":"cron: retryPendingBrollSubmissions started"}
{"time":"2026-09-29T14:53:00.024713+03:00","level":"INFO","msg":"poll video generations","component":"PollVideoGenerations","count":0}
{"time":"2026-09-29T14:53:00.024863+03:00","level":"INFO","msg":"polling video generations done"}
{"time":"2026-09-29T14:53:00.028707+03:00","level":"INFO","msg":"poll broll generations","component":"PollBrollGenerations","count":0}
{"time":"2026-09-29T14:53:00.02885+03:00","level":"INFO","msg":"polling broll generations done"}
{"time":"2026-09-29T14:53:00.029159+03:00","level":"INFO","msg":"poll compositions","component":"PollCompositions","count":0}
{"time":"2026-09-29T14:53:00.02957+03:00","level":"INFO","msg":"polling compositions done"}
{"time":"2026-09-29T14:54:00.002861+03:00","level":"INFO","msg":"polling video generations..."}
{"time":"2026-09-29T14:54:00.002862+03:00","level":"INFO","msg":"polling compositions..."}
{"time":"2026-09-29T14:54:00.00286+03:00","level":"INFO","msg":"cron: triggerPendingCompositions started"}
{"time":"2026-09-29T14:54:00.002894+03:00","level":"INFO","msg":"cron: retryPendingBrollSubmissions started"}
{"time":"2026-09-29T14:54:00.002895+03:00","level":"INFO","msg":"polling broll generations..."}
{"time":"2026-09-29T14:54:00.014917+03:00","level":"INFO","msg":"poll broll generations","component":"PollBrollGenerations","count":0}
{"time":"2026-09-29T14:54:00.015116+03:00","level":"INFO","msg":"polling broll generations done"}
{"time":"2026-09-29T14:54:00.016878+03:00","level":"INFO","msg":"poll compositions","component":"PollCompositions","count":0}
{"time":"2026-09-29T14:54:00.017022+03:00","level":"INFO","msg":"polling compositions done"}
{"time":"2026-09-29T14:54:00.018728+03:00","level":"INFO","msg":"poll video generations","component":"PollVideoGenerations","count":0}
{"time":"2026-09-29T14:54:00.01886+03:00","level":"INFO","msg":"polling video generations done"}
{"time":"2026-09-29T14:55:00.001581+03:00","level":"INFO","msg":"polling compositions..."}
{"time":"2026-09-29T14:55:00.001558+03:00","level":"INFO","msg":"cron: triggerPendingCompositions started"}
{"time":"2026-09-29T14:55:00.001571+03:00","level":"INFO","msg":"polling video generations..."}
{"time":"2026-09-29T14:55:00.001599+03:00","level":"INFO","msg":"cron: retryPendingBrollSubmissions started"}
{"time":"2026-09-29T14:55:00.00163+03:00","level":"INFO","msg":"polling broll generations..."}
{"time":"2026-09-29T14:55:00.014784+03:00","level":"INFO","msg":"poll compositions","component":"PollCompositions","count":0}
{"time":"2026-09-29T14:55:00.014832+03:00","level":"INFO","msg":"polling compositions done"}
{"time":"2026-09-29T14:55:00.01559+03:00","level":"INFO","msg":"poll video generations","component":"PollVideoGenerations","count":0}
{"time":"2026-09-29T14:55:00.015615+03:00","level":"INFO","msg":"polling video generations done"}
{"time":"2026-09-29T14:55:00.016379+03:00","level":"INFO","msg":"poll broll generations","component":"PollBrollGenerations","count":0}
{"time":"2026-09-29T14:55:00.016401+03:00","level":"INFO","msg":"polling broll generations done"}
{"time":"2026-09-29T14:56:00.002095+03:00","level":"INFO","msg":"polling video generations..."}
{"time":"2026-09-29T14:56:00.002211+03:00","level":"INFO","msg":"polling broll generations..."}
{"time":"2026-09-29T14:56:00.002094+03:00","level":"INFO","msg":"cron: triggerPendingCompositions started"}
{"time":"2026-09-29T14:56:00.002159+03:00","level":"INFO","msg":"polling compositions..."}
{"time":"2026-09-29T14:56:00.002151+03:00","level":"INFO","msg":"cron: retryPendingBrollSubmissions started"}
{"time":"2026-09-29T14:56:00.014306+03:00","level":"INFO","msg":"poll video generations","component":"PollVideoGenerations","count":0}
{"time":"2026-09-29T14:56:00.014391+03:00","level":"INFO","msg":"polling video generations done"}
{"time":"2026-09-29T14:56:00.015317+03:00","level":"INFO","msg":"poll broll generations","component":"PollBrollGenerations","count":0}
{"time":"2026-09-29T14:56:00.015432+03:00","level":"INFO","msg":"polling broll generations done"}
{"time":"2026-09-29T14:56:00.015726+03:00","level":"INFO","msg":"poll compositions","component":"PollCompositions","count":0}
{"time":"2026-09-29T14:56:00.015765+03:00","level":"INFO","msg":"polling compositions done"}
{"time":"2026-09-29T14:57:00.002576+03:00","level":"INFO","msg":"polling video generations..."}
{"time":"2026-09-29T14:57:00.002622+03:00","level":"INFO","msg":"cron: triggerPendingCompositions started"}
{"time":"2026-09-29T14:57:00.002627+03:00","level":"INFO","msg":"polling compositions..."}
{"time":"2026-09-29T14:57:00.002627+03:00","level":"INFO","msg":"polling broll generations..."}
{"time":"2026-09-29T14:57:00.002708+03:00","level":"INFO","msg":"cron: retryPendingBrollSubmissions started"}
{"time":"2026-09-29T14:57:00.015808+03:00","level":"INFO","msg":"poll video generations","component":"PollVideoGenerations","count":0}
{"time":"2026-09-29T14:57:00.015915+03:00","level":"INFO","msg":"polling video generations done"}
{"time":"2026-09-29T14:57:00.016163+03:00","level":"INFO","msg":"poll broll generations","component":"PollBrollGenerations","count":0}
{"time":"2026-09-29T14:57:00.016187+03:00","level":"INFO","msg":"polling broll generations done"}
{"time":"2026-09-29T14:57:00.016927+03:00","level":"INFO","msg":"poll compositions","component":"PollCompositions","count":0}
{"time":"2026-09-29T14:57:00.016976+03:00","level":"INFO","msg":"polling compositions done"}
{"time":"2026-09-29T14:58:00.017738+03:00","level":"INFO","msg":"cron: triggerPendingCompositions started"}
{"time":"2026-09-29T14:58:00.017837+03:00","level":"INFO","msg":"polling compositions..."}
{"time":"2026-09-29T14:58:00.017813+03:00","level":"INFO","msg":"polling broll generations..."}
{"time":"2026-09-29T14:58:00.017877+03:00","level":"INFO","msg":"polling video generations..."}
{"time":"2026-09-29T14:58:00.017936+03:00","level":"INFO","msg":"cron: retryPendingBrollSubmissions started"}
{"time":"2026-09-29T14:58:00.02407+03:00","level":"INFO","msg":"poll broll generations","component":"PollBrollGenerations","count":0}
{"time":"2026-09-29T14:58:00.024264+03:00","level":"INFO","msg":"polling broll generations done"}
{"time":"2026-09-29T14:58:00.025624+03:00","level":"INFO","msg":"poll compositions","component":"PollCompositions","count":0}
{"time":"2026-09-29T14:58:00.02568+03:00","level":"INFO","msg":"polling compositions done"}
{"time":"2026-09-29T14:58:00.027984+03:00","level":"INFO","msg":"poll video generations","component":"PollVideoGenerations","count":0}
{"time":"2026-09-29T14:58:00.028029+03:00","level":"INFO","msg":"polling video generations done"}
{"time":"2026-09-29T14:59:00.034827+03:00","level":"INFO","msg":"cron: triggerPendingCompositions started"}
{"time":"2026-09-29T14:59:00.034856+03:00","level":"INFO","msg":"polling broll generations..."}
{"time":"2026-09-29T14:59:00.034925+03:00","level":"INFO","msg":"polling video generations..."}
{"time":"2026-09-29T14:59:00.034971+03:00","level":"INFO","msg":"polling compositions..."}
{"time":"2026-09-29T14:59:00.034955+03:00","level":"INFO","msg":"cron: retryPendingBrollSubmissions started"}
{"time":"2026-09-29T14:59:00.044146+03:00","level":"INFO","msg":"poll video generations","component":"PollVideoGenerations","count":0}
{"time":"2026-09-29T14:59:00.044317+03:00","level":"INFO","msg":"polling video generations done"}
{"time":"2026-09-29T14:59:00.044201+03:00","level":"INFO","msg":"poll compositions","component":"PollCompositions","count":0}
{"time":"2026-09-29T14:59:00.044481+03:00","level":"INFO","msg":"polling compositions done"}
{"time":"2026-09-29T14:59:00.045081+03:00","level":"INFO","msg":"poll broll generations","component":"PollBrollGenerations","count":0}
{"time":"2026-09-29T14:59:00.045183+03:00","level":"INFO","msg":"polling broll generations done"}
{"time":"2026-09-29T15:00:00.021926+03:00","level":"INFO","msg":"cron: triggerPendingCompositions started"}
{"time":"2026-09-29T15:00:00.022334+03:00","level":"INFO","msg":"polling video generations..."}
{"time":"2026-09-29T15:00:00.022394+03:00","level":"INFO","msg":"polling broll generations..."}
{"time":"2026-09-29T15:00:00.022536+03:00","level":"INFO","msg":"polling compositions..."}
{"time":"2026-09-29T15:00:00.022577+03:00","level":"INFO","msg":"cron: retryPendingBrollSubmissions started"}
{"time":"2026-09-29T15:00:00.039995+03:00","level":"INFO","msg":"poll compositions","component":"PollCompositions","count":0}
{"time":"2026-09-29T15:00:00.040295+03:00","level":"INFO","msg":"polling compositions done"}
{"time":"2026-09-29T15:00:00.041755+03:00","level":"INFO","msg":"poll broll generations","component":"PollBrollGenerations","count":0}
{"time":"2026-09-29T15:00:00.041859+03:00","level":"INFO","msg":"polling broll generations done"}
{"time":"2026-09-29T15:00:00.040164+03:00","level":"INFO","msg":"poll video generations","component":"PollVideoGenerations","count":0}
{"time":"2026-09-29T15:00:00.042005+03:00","level":"INFO","msg":"polling video generations done"}
{"time":"2026-09-29T15:01:00.033324+03:00","level":"INFO","msg":"cron: triggerPendingCompositions started"}
{"time":"2026-09-29T15:01:00.03423+03:00","level":"INFO","msg":"polling video generations..."}
{"time":"2026-09-29T15:01:00.034269+03:00","level":"INFO","msg":"polling broll generations..."}
{"time":"2026-09-29T15:01:00.034313+03:00","level":"INFO","msg":"polling compositions..."}
{"time":"2026-09-29T15:01:00.034345+03:00","level":"INFO","msg":"cron: retryPendingBrollSubmissions started"}
{"time":"2026-09-29T15:01:00.044277+03:00","level":"INFO","msg":"poll video generations","component":"PollVideoGenerations","count":0}
{"time":"2026-09-29T15:01:00.044323+03:00","level":"INFO","msg":"polling video generations done"}
{"time":"2026-09-29T15:01:00.04447+03:00","level":"INFO","msg":"poll broll generations","component":"PollBrollGenerations","count":0}
{"time":"2026-09-29T15:01:00.044515+03:00","level":"INFO","msg":"polling broll generations done"}
{"time":"2026-09-29T15:01:00.044744+03:00","level":"INFO","msg":"poll compositions","component":"PollCompositions","count":0}
{"time":"2026-09-29T15:01:00.047666+03:00","level":"INFO","msg":"polling compositions done"}
{"time":"2026-09-29T15:02:00.033329+03:00","level":"INFO","msg":"cron: triggerPendingCompositions started"}
{"time":"2026-09-29T15:02:00.033971+03:00","level":"INFO","msg":"polling broll generations..."}
{"time":"2026-09-29T15:02:00.034246+03:00","level":"INFO","msg":"polling video generations..."}
{"time":"2026-09-29T15:02:00.034377+03:00","level":"INFO","msg":"polling compositions..."}
{"time":"2026-09-29T15:02:00.034551+03:00","level":"INFO","msg":"cron: retryPendingBrollSubmissions started"}
{"time":"2026-09-29T15:02:00.044775+03:00","level":"INFO","msg":"poll video generations","component":"PollVideoGenerations","count":0}
{"time":"2026-09-29T15:02:00.046136+03:00","level":"INFO","msg":"polling video generations done"}
{"time":"2026-09-29T15:02:00.04634+03:00","level":"INFO","msg":"poll compositions","component":"PollCompositions","count":0}
{"time":"2026-09-29T15:02:00.046365+03:00","level":"INFO","msg":"polling compositions done"}
{"time":"2026-09-29T15:02:00.050151+03:00","level":"INFO","msg":"poll broll generations","component":"PollBrollGenerations","count":0}
{"time":"2026-09-29T15:02:00.050294+03:00","level":"INFO","msg":"polling broll generations done"}
{"time":"2026-09-29T15:03:00.013991+03:00","level":"INFO","msg":"cron: triggerPendingCompositions started"}
{"time":"2026-09-29T15:03:00.015263+03:00","level":"INFO","msg":"polling broll generations..."}
{"time":"2026-09-29T15:03:00.015322+03:00","level":"INFO","msg":"polling compositions..."}
{"time":"2026-09-29T15:03:00.015499+03:00","level":"INFO","msg":"polling video generations..."}
{"time":"2026-09-29T15:03:00.015447+03:00","level":"INFO","msg":"cron: retryPendingBrollSubmissions started"}
{"time":"2026-09-29T15:03:00.025463+03:00","level":"INFO","msg":"poll compositions","component":"PollCompositions","count":0}
{"time":"2026-09-29T15:03:00.025519+03:00","level":"INFO","msg":"polling compositions done"}
{"time":"2026-09-29T15:03:00.028156+03:00","level":"INFO","msg":"poll video generations","component":"PollVideoGenerations","count":0}
{"time":"2026-09-29T15:03:00.028208+03:00","level":"INFO","msg":"polling video generations done"}
{"time":"2026-09-29T15:03:00.029451+03:00","level":"INFO","msg":"poll broll generations","component":"PollBrollGenerations","count":0}
{"time":"2026-09-29T15:03:00.03333+03:00","level":"INFO","msg":"polling broll generations done"}
{"time":"2026-09-29T15:04:00.022961+03:00","level":"INFO","msg":"cron: triggerPendingCompositions started"}
{"time":"2026-09-29T15:04:00.023018+03:00","level":"INFO","msg":"polling video generations..."}
{"time":"2026-09-29T15:04:00.023067+03:00","level":"INFO","msg":"polling broll generations..."}
{"time":"2026-09-29T15:04:00.023096+03:00","level":"INFO","msg":"polling compositions..."}
{"time":"2026-09-29T15:04:00.023102+03:00","level":"INFO","msg":"cron: retryPendingBrollSubmissions started"}
{"time":"2026-09-29T15:04:00.027791+03:00","level":"INFO","msg":"poll broll generations","component":"PollBrollGenerations","count":0}
{"time":"2026-09-29T15:04:00.027858+03:00","level":"INFO","msg":"polling broll generations done"}
{"time":"2026-09-29T15:04:00.028095+03:00","level":"INFO","msg":"poll video generations","component":"PollVideoGenerations","count":0}
{"time":"2026-09-29T15:04:00.028178+03:00","level":"INFO","msg":"polling video generations done"}
{"time":"2026-09-29T15:04:00.028786+03:00","level":"INFO","msg":"poll compositions","component":"PollCompositions","count":0}
{"time":"2026-09-29T15:04:00.042397+03:00","level":"INFO","msg":"polling compositions done"}
{"time":"2026-09-29T15:05:00.009916+03:00","level":"INFO","msg":"cron: triggerPendingCompositions started"}
{"time":"2026-09-29T15:05:00.010027+03:00","level":"INFO","msg":"cron: retryPendingBrollSubmissions started"}
{"time":"2026-09-29T15:05:00.009916+03:00","level":"INFO","msg":"polling broll generations..."}
{"time":"2026-09-29T15:05:00.009986+03:00","level":"INFO","msg":"polling compositions..."}
{"time":"2026-09-29T15:05:00.010292+03:00","level":"INFO","msg":"polling video generations..."}
{"time":"2026-09-29T15:05:00.027777+03:00","level":"INFO","msg":"poll compositions","component":"PollCompositions","count":0}
{"time":"2026-09-29T15:05:00.027867+03:00","level":"INFO","msg":"polling compositions done"}
{"time":"2026-09-29T15:05:00.028257+03:00","level":"INFO","msg":"poll broll generations","component":"PollBrollGenerations","count":0}
{"time":"2026-09-29T15:05:00.02828+03:00","level":"INFO","msg":"polling broll generations done"}
{"time":"2026-09-29T15:05:00.028265+03:00","level":"INFO","msg":"poll video generations","component":"PollVideoGenerations","count":0}
{"time":"2026-09-29T15:05:00.028314+03:00","level":"INFO","msg":"polling video generations done"}
{"time":"2026-09-29T15:06:00.009433+03:00","level":"INFO","msg":"polling broll generations..."}
{"time":"2026-09-29T15:06:00.009545+03:00","level":"INFO","msg":"polling compositions..."}
{"time":"2026-09-29T15:06:00.009421+03:00","level":"INFO","msg":"polling video generations..."}
{"time":"2026-09-29T15:06:00.009539+03:00","level":"INFO","msg":"cron: triggerPendingCompositions started"}
{"time":"2026-09-29T15:06:00.009591+03:00","level":"INFO","msg":"cron: retryPendingBrollSubmissions started"}
{"time":"2026-09-29T15:06:00.030188+03:00","level":"INFO","msg":"poll compositions","component":"PollCompositions","count":0}
{"time":"2026-09-29T15:06:00.030288+03:00","level":"INFO","msg":"polling compositions done"}
{"time":"2026-09-29T15:06:00.03049+03:00","level":"INFO","msg":"poll video generations","component":"PollVideoGenerations","count":0}
{"time":"2026-09-29T15:06:00.030736+03:00","level":"INFO","msg":"polling video generations done"}
{"time":"2026-09-29T15:06:00.029806+03:00","level":"INFO","msg":"poll broll generations","component":"PollBrollGenerations","count":0}
{"time":"2026-09-29T15:06:00.044663+03:00","level":"INFO","msg":"polling broll generations done"}
{"time":"2026-09-29T15:07:00.021368+03:00","level":"INFO","msg":"cron: triggerPendingCompositions started"}
{"time":"2026-09-29T15:07:00.022073+03:00","level":"INFO","msg":"polling video generations..."}
{"time":"2026-09-29T15:07:00.022445+03:00","level":"INFO","msg":"polling compositions..."}
{"time":"2026-09-29T15:07:00.022432+03:00","level":"INFO","msg":"polling broll generations..."}
{"time":"2026-09-29T15:07:00.02248+03:00","level":"INFO","msg":"cron: retryPendingBrollSubmissions started"}
{"time":"2026-09-29T15:07:00.024855+03:00","level":"INFO","msg":"poll broll generations","component":"PollBrollGenerations","count":0}
{"time":"2026-09-29T15:07:00.024903+03:00","level":"INFO","msg":"poll video generations","component":"PollVideoGenerations","count":0}
{"time":"2026-09-29T15:07:00.024931+03:00","level":"INFO","msg":"polling video generations done"}
{"time":"2026-09-29T15:07:00.024907+03:00","level":"INFO","msg":"polling broll generations done"}
{"time":"2026-09-29T15:07:00.024919+03:00","level":"INFO","msg":"poll compositions","component":"PollCompositions","count":0}
{"time":"2026-09-29T15:07:00.044945+03:00","level":"INFO","msg":"polling compositions done"}
{"time":"2026-09-29T15:08:00.013299+03:00","level":"INFO","msg":"cron: triggerPendingCompositions started"}
{"time":"2026-09-29T15:08:00.013946+03:00","level":"INFO","msg":"polling video generations..."}
{"time":"2026-09-29T15:08:00.014146+03:00","level":"INFO","msg":"polling broll generations..."}
{"time":"2026-09-29T15:08:00.014345+03:00","level":"INFO","msg":"polling compositions..."}
{"time":"2026-09-29T15:08:00.015052+03:00","level":"INFO","msg":"cron: retryPendingBrollSubmissions started"}
{"time":"2026-09-29T15:08:00.030809+03:00","level":"INFO","msg":"poll compositions","component":"PollCompositions","count":0}
{"time":"2026-09-29T15:08:00.030883+03:00","level":"INFO","msg":"polling compositions done"}
{"time":"2026-09-29T15:08:00.031196+03:00","level":"INFO","msg":"poll video generations","component":"PollVideoGenerations","count":0}
{"time":"2026-09-29T15:08:00.031227+03:00","level":"INFO","msg":"polling video generations done"}
{"time":"2026-09-29T15:08:00.031453+03:00","level":"INFO","msg":"poll broll generations","component":"PollBrollGenerations","count":0}
{"time":"2026-09-29T15:08:00.032778+03:00","level":"INFO","msg":"polling broll generations done"}
{"time":"2026-09-29T15:09:00.00275+03:00","level":"INFO","msg":"cron: triggerPendingCompositions started"}
{"time":"2026-09-29T15:09:00.002761+03:00","level":"INFO","msg":"polling compositions..."}
{"time":"2026-09-29T15:09:00.00275+03:00","level":"INFO","msg":"polling video generations..."}
{"time":"2026-09-29T15:09:00.002805+03:00","level":"INFO","msg":"polling broll generations..."}
{"time":"2026-09-29T15:09:00.002806+03:00","level":"INFO","msg":"cron: retryPendingBrollSubmissions started"}
{"time":"2026-09-29T15:09:00.027508+03:00","level":"INFO","msg":"poll compositions","component":"PollCompositions","count":0}
{"time":"2026-09-29T15:09:00.027688+03:00","level":"INFO","msg":"polling compositions done"}
{"time":"2026-09-29T15:09:00.027641+03:00","level":"INFO","msg":"poll video generations","component":"PollVideoGenerations","count":0}
{"time":"2026-09-29T15:09:00.027829+03:00","level":"INFO","msg":"polling video generations done"}
{"time":"2026-09-29T15:09:00.029618+03:00","level":"INFO","msg":"poll broll generations","component":"PollBrollGenerations","count":0}
{"time":"2026-09-29T15:09:00.037686+03:00","level":"INFO","msg":"polling broll generations done"}
{"time":"2026-09-29T15:10:00.010084+03:00","level":"INFO","msg":"polling broll generations..."}
{"time":"2026-09-29T15:10:00.010156+03:00","level":"INFO","msg":"polling compositions..."}
{"time":"2026-09-29T15:10:00.010149+03:00","level":"INFO","msg":"cron: retryPendingBrollSubmissions started"}
{"time":"2026-09-29T15:10:00.010253+03:00","level":"INFO","msg":"polling video generations..."}
{"time":"2026-09-29T15:10:00.009839+03:00","level":"INFO","msg":"cron: triggerPendingCompositions started"}
{"time":"2026-09-29T15:10:00.016445+03:00","level":"INFO","msg":"poll broll generations","component":"PollBrollGenerations","count":0}
{"time":"2026-09-29T15:10:00.016508+03:00","level":"INFO","msg":"polling broll generations done"}
{"time":"2026-09-29T15:10:00.016751+03:00","level":"INFO","msg":"poll video generations","component":"PollVideoGenerations","count":0}
{"time":"2026-09-29T15:10:00.016772+03:00","level":"INFO","msg":"polling video generations done"}
{"time":"2026-09-29T15:10:00.016904+03:00","level":"INFO","msg":"poll compositions","component":"PollCompositions","count":0}
{"time":"2026-09-29T15:10:00.023335+03:00","level":"INFO","msg":"polling compositions done"}
{"time":"2026-09-29T15:11:00.013678+03:00","level":"INFO","msg":"cron: triggerPendingCompositions started"}
{"time":"2026-09-29T15:11:00.026442+03:00","level":"INFO","msg":"polling video generations..."}
{"time":"2026-09-29T15:11:00.026825+03:00","level":"INFO","msg":"polling broll generations..."}
{"time":"2026-09-29T15:11:00.027006+03:00","level":"INFO","msg":"polling compositions..."}
{"time":"2026-09-29T15:11:00.027377+03:00","level":"INFO","msg":"cron: retryPendingBrollSubmissions started"}
{"time":"2026-09-29T15:11:00.0295+03:00","level":"INFO","msg":"poll video generations","component":"PollVideoGenerations","count":0}
{"time":"2026-09-29T15:11:00.029605+03:00","level":"INFO","msg":"polling video generations done"}
{"time":"2026-09-29T15:11:00.029622+03:00","level":"INFO","msg":"poll broll generations","component":"PollBrollGenerations","count":0}
{"time":"2026-09-29T15:11:00.029652+03:00","level":"INFO","msg":"polling broll generations done"}
{"time":"2026-09-29T15:11:00.029719+03:00","level":"INFO","msg":"poll compositions","component":"PollCompositions","count":0}
{"time":"2026-09-29T15:11:00.03214+03:00","level":"INFO","msg":"polling compositions done"}
{"time":"2026-09-29T15:12:00.009912+03:00","level":"INFO","msg":"polling video generations..."}
{"time":"2026-09-29T15:12:00.010871+03:00","level":"INFO","msg":"polling compositions..."}
{"time":"2026-09-29T15:12:00.01091+03:00","level":"INFO","msg":"cron: retryPendingBrollSubmissions started"}
{"time":"2026-09-29T15:12:00.010694+03:00","level":"INFO","msg":"polling broll generations..."}
{"time":"2026-09-29T15:12:00.010648+03:00","level":"INFO","msg":"cron: triggerPendingCompositions started"}
{"time":"2026-09-29T15:12:00.017336+03:00","level":"INFO","msg":"poll broll generations","component":"PollBrollGenerations","count":0}
{"time":"2026-09-29T15:12:00.01747+03:00","level":"INFO","msg":"polling broll generations done"}
{"time":"2026-09-29T15:12:00.017354+03:00","level":"INFO","msg":"poll video generations","component":"PollVideoGenerations","count":0}
{"time":"2026-09-29T15:12:00.017522+03:00","level":"INFO","msg":"polling video generations done"}
{"time":"2026-09-29T15:12:00.017662+03:00","level":"INFO","msg":"poll compositions","component":"PollCompositions","count":0}
{"time":"2026-09-29T15:12:00.113353+03:00","level":"INFO","msg":"polling compositions done"}
{"time":"2026-09-29T15:13:00.022701+03:00","level":"INFO","msg":"cron: triggerPendingCompositions started"}
{"time":"2026-09-29T15:13:00.022786+03:00","level":"INFO","msg":"polling broll generations..."}
{"time":"2026-09-29T15:13:00.022812+03:00","level":"INFO","msg":"polling compositions..."}
{"time":"2026-09-29T15:13:00.022856+03:00","level":"INFO","msg":"polling video generations..."}
{"time":"2026-09-29T15:13:00.022854+03:00","level":"INFO","msg":"cron: retryPendingBrollSubmissions started"}
{"time":"2026-09-29T15:13:00.035446+03:00","level":"INFO","msg":"poll broll generations","component":"PollBrollGenerations","count":0}
{"time":"2026-09-29T15:13:00.035597+03:00","level":"INFO","msg":"polling broll generations done"}
{"time":"2026-09-29T15:13:00.036884+03:00","level":"INFO","msg":"poll compositions","component":"PollCompositions","count":0}
{"time":"2026-09-29T15:13:00.036963+03:00","level":"INFO","msg":"polling compositions done"}
{"time":"2026-09-29T15:13:00.037436+03:00","level":"INFO","msg":"poll video generations","component":"PollVideoGenerations","count":0}
{"time":"2026-09-29T15:13:00.057811+03:00","level":"INFO","msg":"polling video generations done"}
{"time":"2026-09-29T15:14:00.017273+03:00","level":"INFO","msg":"polling video generations..."}
{"time":"2026-09-29T15:14:00.017273+03:00","level":"INFO","msg":"cron: triggerPendingCompositions started"}
{"time":"2026-09-29T15:14:00.01732+03:00","level":"INFO","msg":"cron: retryPendingBrollSubmissions started"}
{"time":"2026-09-29T15:14:00.017338+03:00","level":"INFO","msg":"polling compositions..."}
{"time":"2026-09-29T15:14:00.017273+03:00","level":"INFO","msg":"polling broll generations..."}
{"time":"2026-09-29T15:14:00.021857+03:00","level":"INFO","msg":"poll video generations","component":"PollVideoGenerations","count":0}
{"time":"2026-09-29T15:14:00.022013+03:00","level":"INFO","msg":"polling video generations done"}
{"time":"2026-09-29T15:14:00.026243+03:00","level":"INFO","msg":"poll compositions","component":"PollCompositions","count":0}
{"time":"2026-09-29T15:14:00.02634+03:00","level":"INFO","msg":"polling compositions done"}
{"time":"2026-09-29T15:14:00.026258+03:00","level":"INFO","msg":"poll broll generations","component":"PollBrollGenerations","count":0}
{"time":"2026-09-29T15:14:00.026398+03:00","level":"INFO","msg":"polling broll generations done"}
{"time":"2026-09-29T15:15:00.018956+03:00","level":"INFO","msg":"cron: triggerPendingCompositions started"}
{"time":"2026-09-29T15:15:00.019506+03:00","level":"INFO","msg":"polling video generations..."}
{"time":"2026-09-29T15:15:00.019571+03:00","level":"INFO","msg":"polling broll generations..."}
{"time":"2026-09-29T15:15:00.019635+03:00","level":"INFO","msg":"polling compositions..."}
{"time":"2026-09-29T15:15:00.019683+03:00","level":"INFO","msg":"cron: retryPendingBrollSubmissions started"}
{"time":"2026-09-29T15:15:00.025176+03:00","level":"INFO","msg":"poll broll generations","component":"PollBrollGenerations","count":0}
{"time":"2026-09-29T15:15:00.025274+03:00","level":"INFO","msg":"polling broll generations done"}
{"time":"2026-09-29T15:15:00.031012+03:00","level":"INFO","msg":"poll video generations","component":"PollVideoGenerations","count":0}
{"time":"2026-09-29T15:15:00.031087+03:00","level":"INFO","msg":"polling video generations done"}
{"time":"2026-09-29T15:15:00.03105+03:00","level":"INFO","msg":"poll compositions","component":"PollCompositions","count":0}
{"time":"2026-09-29T15:15:00.036224+03:00","level":"INFO","msg":"polling compositions done"}
{"time":"2026-09-29T15:16:00.017794+03:00","level":"INFO","msg":"cron: triggerPendingCompositions started"}
{"time":"2026-09-29T15:16:00.018704+03:00","level":"INFO","msg":"polling broll generations..."}
{"time":"2026-09-29T15:16:00.018963+03:00","level":"INFO","msg":"polling video generations..."}
{"time":"2026-09-29T15:16:00.01918+03:00","level":"INFO","msg":"polling compositions..."}
{"time":"2026-09-29T15:16:00.019282+03:00","level":"INFO","msg":"cron: retryPendingBrollSubmissions started"}
{"time":"2026-09-29T15:16:00.021775+03:00","level":"INFO","msg":"poll video generations","component":"PollVideoGenerations","count":0}
{"time":"2026-09-29T15:16:00.022461+03:00","level":"INFO","msg":"polling video generations done"}
{"time":"2026-09-29T15:16:00.02322+03:00","level":"INFO","msg":"poll compositions","component":"PollCompositions","count":0}
{"time":"2026-09-29T15:16:00.023257+03:00","level":"INFO","msg":"polling compositions done"}
{"time":"2026-09-29T15:16:00.023536+03:00","level":"INFO","msg":"poll broll generations","component":"PollBrollGenerations","count":0}
{"time":"2026-09-29T15:16:00.025802+03:00","level":"INFO","msg":"polling broll generations done"}
{"time":"2026-09-29T15:17:00.001992+03:00","level":"INFO","msg":"polling broll generations..."}
{"time":"2026-09-29T15:17:00.002142+03:00","level":"INFO","msg":"polling compositions..."}
{"time":"2026-09-29T15:17:00.001992+03:00","level":"INFO","msg":"cron: triggerPendingCompositions started"}
{"time":"2026-09-29T15:17:00.002037+03:00","level":"INFO","msg":"polling video generations..."}
{"time":"2026-09-29T15:17:00.002201+03:00","level":"INFO","msg":"cron: retryPendingBrollSubmissions started"}
{"time":"2026-09-29T15:17:00.020143+03:00","level":"INFO","msg":"poll compositions","component":"PollCompositions","count":0}
{"time":"2026-09-29T15:17:00.020229+03:00","level":"INFO","msg":"polling compositions done"}
{"time":"2026-09-29T15:17:00.020904+03:00","level":"INFO","msg":"poll broll generations","component":"PollBrollGenerations","count":0}
{"time":"2026-09-29T15:17:00.020938+03:00","level":"INFO","msg":"polling broll generations done"}
{"time":"2026-09-29T15:17:00.021154+03:00","level":"INFO","msg":"poll video generations","component":"PollVideoGenerations","count":0}
{"time":"2026-09-29T15:17:00.02118+03:00","level":"INFO","msg":"polling video generations done"}
{"time":"2026-09-29T15:18:00.001456+03:00","level":"INFO","msg":"polling broll generations..."}
{"time":"2026-09-29T15:18:00.001456+03:00","level":"INFO","msg":"cron: triggerPendingCompositions started"}
{"time":"2026-09-29T15:18:00.001532+03:00","level":"INFO","msg":"polling compositions..."}
{"time":"2026-09-29T15:18:00.001571+03:00","level":"INFO","msg":"cron: retryPendingBrollSubmissions started"}
{"time":"2026-09-29T15:18:00.001596+03:00","level":"INFO","msg":"polling video generations..."}
{"time":"2026-09-29T15:18:00.031964+03:00","level":"INFO","msg":"poll broll generations","component":"PollBrollGenerations","count":0}
{"time":"2026-09-29T15:18:00.032223+03:00","level":"INFO","msg":"polling broll generations done"}
{"time":"2026-09-29T15:18:00.032335+03:00","level":"INFO","msg":"poll video generations","component":"PollVideoGenerations","count":0}
{"time":"2026-09-29T15:18:00.032364+03:00","level":"INFO","msg":"polling video generations done"}
{"time":"2026-09-29T15:18:00.032414+03:00","level":"INFO","msg":"poll compositions","component":"PollCompositions","count":0}
{"time":"2026-09-29T15:18:00.032439+03:00","level":"INFO","msg":"polling compositions done"}
{"time":"2026-09-29T15:19:00.001796+03:00","level":"INFO","msg":"polling video generations..."}
{"time":"2026-09-29T15:19:00.001894+03:00","level":"INFO","msg":"polling broll generations..."}
{"time":"2026-09-29T15:19:00.001914+03:00","level":"INFO","msg":"cron: triggerPendingCompositions started"}
{"time":"2026-09-29T15:19:00.001954+03:00","level":"INFO","msg":"cron: retryPendingBrollSubmissions started"}
{"time":"2026-09-29T15:19:00.002014+03:00","level":"INFO","msg":"polling compositions..."}
{"time":"2026-09-29T15:19:00.021217+03:00","level":"INFO","msg":"poll video generations","component":"PollVideoGenerations","count":0}
{"time":"2026-09-29T15:19:00.021317+03:00","level":"INFO","msg":"polling video generations done"}
{"time":"2026-09-29T15:19:00.023297+03:00","level":"INFO","msg":"poll compositions","component":"PollCompositions","count":0}
{"time":"2026-09-29T15:19:00.023362+03:00","level":"INFO","msg":"polling compositions done"}
{"time":"2026-09-29T15:19:00.023519+03:00","level":"INFO","msg":"poll broll generations","component":"PollBrollGenerations","count":0}
{"time":"2026-09-29T15:19:00.023613+03:00","level":"INFO","msg":"polling broll generations done"}
{"time":"2026-09-29T15:20:00.002412+03:00","level":"INFO","msg":"polling video generations..."}
{"time":"2026-09-29T15:20:00.002453+03:00","level":"INFO","msg":"cron: triggerPendingCompositions started"}
{"time":"2026-09-29T15:20:00.002473+03:00","level":"INFO","msg":"polling compositions..."}
{"time":"2026-09-29T15:20:00.002501+03:00","level":"INFO","msg":"cron: retryPendingBrollSubmissions started"}
{"time":"2026-09-29T15:20:00.002509+03:00","level":"INFO","msg":"polling broll generations..."}
{"time":"2026-09-29T15:20:00.016621+03:00","level":"INFO","msg":"poll video generations","component":"PollVideoGenerations","count":0}
{"time":"2026-09-29T15:20:00.016842+03:00","level":"INFO","msg":"polling video generations done"}
{"time":"2026-09-29T15:20:00.019496+03:00","level":"INFO","msg":"poll broll generations","component":"PollBrollGenerations","count":0}
{"time":"2026-09-29T15:20:00.01959+03:00","level":"INFO","msg":"polling broll generations done"}
{"time":"2026-09-29T15:20:00.019546+03:00","level":"INFO","msg":"poll compositions","component":"PollCompositions","count":0}
{"time":"2026-09-29T15:20:00.019634+03:00","level":"INFO","msg":"polling compositions done"}
{"time":"2026-09-29T15:21:00.002727+03:00","level":"INFO","msg":"polling compositions..."}
{"time":"2026-09-29T15:21:00.002906+03:00","level":"INFO","msg":"cron: retryPendingBrollSubmissions started"}
{"time":"2026-09-29T15:21:00.002752+03:00","level":"INFO","msg":"cron: triggerPendingCompositions started"}
{"time":"2026-09-29T15:21:00.002804+03:00","level":"INFO","msg":"polling video generations..."}
{"time":"2026-09-29T15:21:00.002724+03:00","level":"INFO","msg":"polling broll generations..."}
{"time":"2026-09-29T15:21:00.006252+03:00","level":"INFO","msg":"poll broll generations","component":"PollBrollGenerations","count":0}
{"time":"2026-09-29T15:21:00.006315+03:00","level":"INFO","msg":"polling broll generations done"}
{"time":"2026-09-29T15:21:00.011991+03:00","level":"INFO","msg":"poll video generations","component":"PollVideoGenerations","count":0}
{"time":"2026-09-29T15:21:00.012085+03:00","level":"INFO","msg":"polling video generations done"}
{"time":"2026-09-29T15:21:00.011991+03:00","level":"INFO","msg":"poll compositions","component":"PollCompositions","count":0}
{"time":"2026-09-29T15:21:00.012209+03:00","level":"INFO","msg":"polling compositions done"}
